// Jest Snapshot v1, https://goo.gl/fbAQLP

exports[`Copyright renders correctly 1`] = `
<div>
  Content is licensed under CC BY-SA 4.0
</div>
`;

exports[`Copyright renders correctly with empty string 1`] = `<div />`;
