// Jest Snapshot v1, https://goo.gl/fbAQLP

exports[`CategoriesTemplate renders correctly 1`] = `
<div>
  <div>
    <div>
      <div>
        <a
          href="/"
        />
        <div>
          <h2>
            <a
              href="/"
            >
              John Doe
            </a>
          </h2>
        </div>
        <p>
          InfosecDecompress.
        </p>
      </div>
      <nav>
        <ul>
          <li>
            <a
              href="/"
            >
              Articles
            </a>
          </li>
          <li>
            <a
              href="/pages/about"
            >
              About Me
            </a>
          </li>
          <li>
            <a
              href="/pages/contacts"
            >
              Contact Me
            </a>
          </li>
        </ul>
      </nav>
      <div
        style={
          {
            "margin": "5px auto",
          }
        }
      >
        <div
          style={
            {
              "margin": "0 auto",
            }
          }
        >
          <form
            onSubmit={[Function]}
          >
            <div
              style={
                {
                  "margin": "0 auto",
                }
              }
            >
              <input
                id="Search"
                onChange={[Function]}
                placeholder="搜尋文章"
                style={
                  {
                    "border": "1px solid #ccc",
                    "borderRadius": "4px",
                    "boxSizing": "border-box",
                    "display": "inline-block",
                    "margin": "0 auto",
                    "padding": "5px 5px",
                    "width": "250px",
                  }
                }
                value=""
              />
            </div>
          </form>
          <div>
            <table
              id="result"
              style={
                {
                  "border": "1px solid #ccc",
                  "borderCollapse": "collapse",
                  "borderRadius": "4px",
                  "display": "none",
                  "width": "250px",
                }
              }
            >
              <tbody />
            </table>
          </div>
        </div>
      </div>
      <div>
        Content is licensed under CC BY-SA 4.0
      </div>
    </div>
  </div>
  <div>
    <div>
      <h1>
        分類 標籤
      </h1>
      <div>
        <h2>
          分類
        </h2>
        <ul>
          <li>
            <a
              href="/category/typography/"
            >
              typography
               (
              1
              )
            </a>
          </li>
          <li>
            <a
              href="/category/design-inspiration/"
            >
              design inspiration
               (
              1
              )
            </a>
          </li>
        </ul>
        <h2>
          標籤
        </h2>
        <ul>
          <li>
            <a
              href="/tag/typography/"
            >
              typography
               (
              1
              )
            </a>
          </li>
          <li>
            <a
              href="/tag/design-inspiration/"
            >
              design inspiration
               (
              1
              )
            </a>
          </li>
        </ul>
      </div>
    </div>
  </div>
</div>
`;
