// Jest Snapshot v1, https://goo.gl/fbAQLP

exports[`Author renders correctly 1`] = `
<div>
  <a
    href="/"
  />
  <h2>
    <a
      href="/"
    >
      John Doe
    </a>
  </h2>
  <p>
    Pellentesque odio nisi, euismod in, pharetra a, ultricies in, diam. Sed arcu.
  </p>
</div>
`;
