// Jest Snapshot v1, https://goo.gl/fbAQLP

exports[`Meta renders correctly 1`] = `
<div>
  <p>
    發佈於
     
    2016年8月31日
  </p>
</div>
`;
