// Jest Snapshot v1, https://goo.gl/fbAQLP

exports[`Post renders correctly 1`] = `
<div>
  <div>
    <a
      className=""
      href="/"
    >
      文章列表
    </a>
  </div>
  <div>
    <div>
      <h1>
        Perfecting the Art of Perfection
      </h1>
      <div
        dangerouslySetInnerHTML={
          {
            "__html": "<p>An Essay on Typography by Eric Gill takes the reader back to the year 1930. The year when a conflict between two worlds came to its term. The machines of the industrial world finally took over the handicrafts.</p>",
          }
        }
      />
    </div>
  </div>
  <div>
    <div>
      <p>
        發佈於
         
        2016年8月31日
      </p>
    </div>
    <div>
      <center>
        <p>
          資安解壓縮網站內容除特別註記外皆以
          <a
            href="http://creativecommons.org/licenses/by-sa/4.0/"
            rel="noopener noreferrer"
          >
            CC BY-SA 4.0
          </a>
          方式授權
          <br />
          對於這個節目有什麼想法，或想要聽什麼內容都歡迎到
          <a
            href="/pages/contacts"
            rel="noopener noreferrer"
          >
            聯絡資訊
          </a>
          告訴我們
        </p>
      </center>
    </div>
  </div>
  <div />
</div>
`;
